// Vitest Snapshot v1, https://vitest.dev/guide/snapshot.html

exports[`renders correctly InputTask 1`] = `
[
  <h1>
    Hello InputTask
  </h1>,
  <h2
    style={
      {
        "color": "deepskyblue",
      }
    }
  />,
  <h2
    style={
      {
        "color": "deepskyblue",
      }
    }
  />,
  <h2
    style={
      {
        "color": "deepskyblue",
      }
    }
  >
    not admin
  </h2>,
  <label
    htmlFor="name"
  >
    Change firstname :
  </label>,
  <input
    data-testid="firstname"
    id="name"
    type="text"
  />,
  <p>
    Not changed
  </p>,
  <button
    data-testid="btntestvalidate"
    type="button"
  >
    Validate
  </button>,
]
`;
